Archive member included because of file (symbol)

/usr/lib/gcc/avr/4.7.2/avr25/libgcc.a(_exit.o)
                              /usr/lib/gcc/avr/4.7.2/../../../avr/lib/avr25/crttn45.o (exit)
/usr/lib/gcc/avr/4.7.2/avr25/libgcc.a(_copy_data.o)
                              main.o (__do_copy_data)
/usr/lib/gcc/avr/4.7.2/avr25/libgcc.a(_clear_bss.o)
                              main.o (__do_clear_bss)
/usr/lib/gcc/avr/4.7.2/../../../avr/lib/avr25/libc.a(eerd_byte_attiny45.o)
                              main.o (__eerd_byte_tn45)
/usr/lib/gcc/avr/4.7.2/../../../avr/lib/avr25/libc.a(eewr_byte_attiny45.o)
                              main.o (__eewr_byte_tn45)

Allocating common symbols
Common symbol       size              file

usbTxBuf            0xb               usbdrv/usbdrv.o
usbTxStatus1        0xc               usbdrv/usbdrv.o
usbDeviceAddr       0x1               usbdrv/usbdrv.o
usbRxToken          0x1               usbdrv/usbdrv.o
usbInputBufOffset   0x1               usbdrv/usbdrv.o
usbMsgPtr           0x2               usbdrv/usbdrv.o
usbRxLen            0x1               usbdrv/usbdrv.o
usbNewDeviceAddr    0x1               usbdrv/usbdrv.o
usbCurrentTok       0x1               usbdrv/usbdrv.o
usbConfiguration    0x1               usbdrv/usbdrv.o
usbRxBuf            0x16              usbdrv/usbdrv.o

Memory Configuration

Name             Origin             Length             Attributes
text             0x0000000000000000 0x0000000000002000 xr
data             0x0000000000800060 0x000000000000ffa0 rw !x
eeprom           0x0000000000810000 0x0000000000010000 rw !x
fuse             0x0000000000820000 0x0000000000000400 rw !x
lock             0x0000000000830000 0x0000000000000400 rw !x
signature        0x0000000000840000 0x0000000000000400 rw !x
*default*        0x0000000000000000 0xffffffffffffffff

Linker script and memory map

LOAD /usr/lib/gcc/avr/4.7.2/../../../avr/lib/avr25/crttn45.o
LOAD /usr/lib/gcc/avr/4.7.2/../../../avr/lib/avr25/libm.a
LOAD main.o
LOAD usbdrv/usbdrv.o
LOAD usbdrv/oddebug.o
LOAD usbdrv/usbdrvasm.o
LOAD /usr/lib/gcc/avr/4.7.2/avr25/libgcc.a
LOAD /usr/lib/gcc/avr/4.7.2/../../../avr/lib/avr25/libc.a
LOAD /usr/lib/gcc/avr/4.7.2/avr25/libgcc.a

.hash
 *(.hash)

.dynsym
 *(.dynsym)

.dynstr
 *(.dynstr)

.gnu.version
 *(.gnu.version)

.gnu.version_d
 *(.gnu.version_d)

.gnu.version_r
 *(.gnu.version_r)

.rel.init
 *(.rel.init)

.rela.init
 *(.rela.init)

.rel.text
 *(.rel.text)
 *(.rel.text.*)
 *(.rel.gnu.linkonce.t*)

.rela.text
 *(.rela.text)
 *(.rela.text.*)
 *(.rela.gnu.linkonce.t*)

.rel.fini
 *(.rel.fini)

.rela.fini
 *(.rela.fini)

.rel.rodata
 *(.rel.rodata)
 *(.rel.rodata.*)
 *(.rel.gnu.linkonce.r*)

.rela.rodata
 *(.rela.rodata)
 *(.rela.rodata.*)
 *(.rela.gnu.linkonce.r*)

.rel.data
 *(.rel.data)
 *(.rel.data.*)
 *(.rel.gnu.linkonce.d*)

.rela.data
 *(.rela.data)
 *(.rela.data.*)
 *(.rela.gnu.linkonce.d*)

.rel.ctors
 *(.rel.ctors)

.rela.ctors
 *(.rela.ctors)

.rel.dtors
 *(.rel.dtors)

.rela.dtors
 *(.rela.dtors)

.rel.got
 *(.rel.got)

.rela.got
 *(.rela.got)

.rel.bss
 *(.rel.bss)

.rela.bss
 *(.rela.bss)

.rel.plt
 *(.rel.plt)

.rela.plt
 *(.rela.plt)

.text           0x0000000000000000      0x9b4
 *(.vectors)
 .vectors       0x0000000000000000       0x1e /usr/lib/gcc/avr/4.7.2/../../../avr/lib/avr25/crttn45.o
                0x0000000000000000                __vectors
                0x0000000000000000                __vector_default
 *(.vectors)
 *(.progmem.gcc*)
 *(.progmem*)
 .progmem.data  0x000000000000001e       0x45 usbdrv/usbdrv.o
                0x000000000000001e                usbDescriptorConfiguration
                0x0000000000000037                usbDescriptorDevice
                0x0000000000000049                usbDescriptorStringDevice
                0x000000000000005f                usbDescriptorString0
                0x0000000000000064                . = ALIGN (0x2)
 *fill*         0x0000000000000063        0x1 00
                0x0000000000000064                __trampolines_start = .
 *(.trampolines)
 .trampolines   0x0000000000000064        0x0 linker stubs
 *(.trampolines*)
                0x0000000000000064                __trampolines_end = .
 *(.jumptables)
 *(.jumptables*)
 *(.lowtext)
 *(.lowtext*)
                0x0000000000000064                __ctors_start = .
 *(.ctors)
                0x0000000000000064                __ctors_end = .
                0x0000000000000064                __dtors_start = .
 *(.dtors)
                0x0000000000000064                __dtors_end = .
 SORT(*)(.ctors)
 SORT(*)(.dtors)
 *(.init0)
 .init0         0x0000000000000064        0x0 /usr/lib/gcc/avr/4.7.2/../../../avr/lib/avr25/crttn45.o
                0x0000000000000064                __init
 *(.init0)
 *(.init1)
 *(.init1)
 *(.init2)
 .init2         0x0000000000000064        0xc /usr/lib/gcc/avr/4.7.2/../../../avr/lib/avr25/crttn45.o
 *(.init2)
 *(.init3)
 *(.init3)
 *(.init4)
 .init4         0x0000000000000070       0x16 /usr/lib/gcc/avr/4.7.2/avr25/libgcc.a(_copy_data.o)
                0x0000000000000070                __do_copy_data
 .init4         0x0000000000000086       0x10 /usr/lib/gcc/avr/4.7.2/avr25/libgcc.a(_clear_bss.o)
                0x0000000000000086                __do_clear_bss
 *(.init4)
 *(.init5)
 *(.init5)
 *(.init6)
 *(.init6)
 *(.init7)
 *(.init7)
 *(.init8)
 *(.init8)
 *(.init9)
 .init9         0x0000000000000096        0x4 /usr/lib/gcc/avr/4.7.2/../../../avr/lib/avr25/crttn45.o
 *(.init9)
 *(.text)
 .text          0x000000000000009a        0x2 /usr/lib/gcc/avr/4.7.2/../../../avr/lib/avr25/crttn45.o
                0x000000000000009a                __vector_1
                0x000000000000009a                __vector_12
                0x000000000000009a                __bad_interrupt
                0x000000000000009a                __vector_6
                0x000000000000009a                __vector_3
                0x000000000000009a                __vector_11
                0x000000000000009a                __vector_13
                0x000000000000009a                __vector_7
                0x000000000000009a                __vector_5
                0x000000000000009a                __vector_4
                0x000000000000009a                __vector_9
                0x000000000000009a                __vector_8
                0x000000000000009a                __vector_14
                0x000000000000009a                __vector_10
 .text          0x000000000000009c      0x2f6 main.o
                0x0000000000000146                usbFunctionRead
                0x0000000000000186                usbFunctionWrite
                0x000000000000021a                usbFunctionSetup
                0x000000000000030c                usbEventResetReady
 .text          0x0000000000000392      0x29a usbdrv/usbdrv.o
                0x0000000000000392                usbSetInterrupt
                0x00000000000003d6                usbPoll
                0x0000000000000616                usbInit
 .text          0x000000000000062c        0x0 usbdrv/oddebug.o
 .text          0x000000000000062c      0x314 usbdrv/usbdrvasm.o
                0x000000000000062c                usbCrc16
                0x0000000000000656                usbCrc16Append
                0x000000000000065e                usbMeasureFrameLength
                0x0000000000000684                __vector_2
 .text          0x0000000000000940        0x0 /usr/lib/gcc/avr/4.7.2/avr25/libgcc.a(_exit.o)
 .text          0x0000000000000940        0x0 /usr/lib/gcc/avr/4.7.2/avr25/libgcc.a(_copy_data.o)
 .text          0x0000000000000940        0x0 /usr/lib/gcc/avr/4.7.2/avr25/libgcc.a(_clear_bss.o)
 .text          0x0000000000000940        0x0 /usr/lib/gcc/avr/4.7.2/../../../avr/lib/avr25/libc.a(eerd_byte_attiny45.o)
 .text          0x0000000000000940        0x0 /usr/lib/gcc/avr/4.7.2/../../../avr/lib/avr25/libc.a(eewr_byte_attiny45.o)
                0x0000000000000940                . = ALIGN (0x2)
 *(.text.*)
 .text.startup  0x0000000000000940       0x44 main.o
                0x0000000000000940                main
 .text.libgcc.mul
                0x0000000000000984        0x0 /usr/lib/gcc/avr/4.7.2/avr25/libgcc.a(_exit.o)
 .text.libgcc.div
                0x0000000000000984        0x0 /usr/lib/gcc/avr/4.7.2/avr25/libgcc.a(_exit.o)
 .text.libgcc   0x0000000000000984        0x0 /usr/lib/gcc/avr/4.7.2/avr25/libgcc.a(_exit.o)
 .text.libgcc.prologue
                0x0000000000000984        0x0 /usr/lib/gcc/avr/4.7.2/avr25/libgcc.a(_exit.o)
 .text.libgcc.builtins
                0x0000000000000984        0x0 /usr/lib/gcc/avr/4.7.2/avr25/libgcc.a(_exit.o)
 .text.libgcc.fmul
                0x0000000000000984        0x0 /usr/lib/gcc/avr/4.7.2/avr25/libgcc.a(_exit.o)
 .text.libgcc.mul
                0x0000000000000984        0x0 /usr/lib/gcc/avr/4.7.2/avr25/libgcc.a(_copy_data.o)
 .text.libgcc.div
                0x0000000000000984        0x0 /usr/lib/gcc/avr/4.7.2/avr25/libgcc.a(_copy_data.o)
 .text.libgcc   0x0000000000000984        0x0 /usr/lib/gcc/avr/4.7.2/avr25/libgcc.a(_copy_data.o)
 .text.libgcc.prologue
                0x0000000000000984        0x0 /usr/lib/gcc/avr/4.7.2/avr25/libgcc.a(_copy_data.o)
 .text.libgcc.builtins
                0x0000000000000984        0x0 /usr/lib/gcc/avr/4.7.2/avr25/libgcc.a(_copy_data.o)
 .text.libgcc.fmul
                0x0000000000000984        0x0 /usr/lib/gcc/avr/4.7.2/avr25/libgcc.a(_copy_data.o)
 .text.libgcc.mul
                0x0000000000000984        0x0 /usr/lib/gcc/avr/4.7.2/avr25/libgcc.a(_clear_bss.o)
 .text.libgcc.div
                0x0000000000000984        0x0 /usr/lib/gcc/avr/4.7.2/avr25/libgcc.a(_clear_bss.o)
 .text.libgcc   0x0000000000000984        0x0 /usr/lib/gcc/avr/4.7.2/avr25/libgcc.a(_clear_bss.o)
 .text.libgcc.prologue
                0x0000000000000984        0x0 /usr/lib/gcc/avr/4.7.2/avr25/libgcc.a(_clear_bss.o)
 .text.libgcc.builtins
                0x0000000000000984        0x0 /usr/lib/gcc/avr/4.7.2/avr25/libgcc.a(_clear_bss.o)
 .text.libgcc.fmul
                0x0000000000000984        0x0 /usr/lib/gcc/avr/4.7.2/avr25/libgcc.a(_clear_bss.o)
 .text.avr-libc
                0x0000000000000984       0x10 /usr/lib/gcc/avr/4.7.2/../../../avr/lib/avr25/libc.a(eerd_byte_attiny45.o)
                0x0000000000000984                __eerd_byte_tn45
 .text.avr-libc
                0x0000000000000994       0x1c /usr/lib/gcc/avr/4.7.2/../../../avr/lib/avr25/libc.a(eewr_byte_attiny45.o)
                0x0000000000000994                __eewr_byte_tn45
                0x0000000000000996                __eewr_r18_tn45
                0x00000000000009b0                . = ALIGN (0x2)
 *(.fini9)
 .fini9         0x00000000000009b0        0x0 /usr/lib/gcc/avr/4.7.2/avr25/libgcc.a(_exit.o)
                0x00000000000009b0                exit
                0x00000000000009b0                _exit
 *(.fini9)
 *(.fini8)
 *(.fini8)
 *(.fini7)
 *(.fini7)
 *(.fini6)
 *(.fini6)
 *(.fini5)
 *(.fini5)
 *(.fini4)
 *(.fini4)
 *(.fini3)
 *(.fini3)
 *(.fini2)
 *(.fini2)
 *(.fini1)
 *(.fini1)
 *(.fini0)
 .fini0         0x00000000000009b0        0x4 /usr/lib/gcc/avr/4.7.2/avr25/libgcc.a(_exit.o)
 *(.fini0)
                0x00000000000009b4                _etext = .

.data           0x0000000000800060        0x4 load address 0x00000000000009b4
                0x0000000000800060                PROVIDE (__data_start, .)
 *(.data)
 .data          0x0000000000800060        0x0 /usr/lib/gcc/avr/4.7.2/../../../avr/lib/avr25/crttn45.o
 .data          0x0000000000800060        0x1 main.o
 .data          0x0000000000800061        0x2 usbdrv/usbdrv.o
                0x0000000000800061                usbTxLen
 .data          0x0000000000800063        0x0 usbdrv/oddebug.o
 .data          0x0000000000800063        0x0 usbdrv/usbdrvasm.o
 .data          0x0000000000800063        0x0 /usr/lib/gcc/avr/4.7.2/avr25/libgcc.a(_exit.o)
 .data          0x0000000000800063        0x0 /usr/lib/gcc/avr/4.7.2/avr25/libgcc.a(_copy_data.o)
 .data          0x0000000000800063        0x0 /usr/lib/gcc/avr/4.7.2/avr25/libgcc.a(_clear_bss.o)
 .data          0x0000000000800063        0x0 /usr/lib/gcc/avr/4.7.2/../../../avr/lib/avr25/libc.a(eerd_byte_attiny45.o)
 .data          0x0000000000800063        0x0 /usr/lib/gcc/avr/4.7.2/../../../avr/lib/avr25/libc.a(eewr_byte_attiny45.o)
 *(.data*)
 *(.rodata)
 *(.rodata*)
 *(.gnu.linkonce.d*)
                0x0000000000800064                . = ALIGN (0x2)
 *fill*         0x0000000000800063        0x1 00
                0x0000000000800064                _edata = .
                0x0000000000800064                PROVIDE (__data_end, .)

.bss            0x0000000000800064       0x47
                0x0000000000800064                PROVIDE (__bss_start, .)
 *(.bss)
 .bss           0x0000000000800064        0x0 /usr/lib/gcc/avr/4.7.2/../../../avr/lib/avr25/crttn45.o
 .bss           0x0000000000800064        0xf main.o
 .bss           0x0000000000800073        0x2 usbdrv/usbdrv.o
 .bss           0x0000000000800075        0x0 usbdrv/oddebug.o
 .bss           0x0000000000800075        0x0 usbdrv/usbdrvasm.o
 .bss           0x0000000000800075        0x0 /usr/lib/gcc/avr/4.7.2/avr25/libgcc.a(_exit.o)
 .bss           0x0000000000800075        0x0 /usr/lib/gcc/avr/4.7.2/avr25/libgcc.a(_copy_data.o)
 .bss           0x0000000000800075        0x0 /usr/lib/gcc/avr/4.7.2/avr25/libgcc.a(_clear_bss.o)
 .bss           0x0000000000800075        0x0 /usr/lib/gcc/avr/4.7.2/../../../avr/lib/avr25/libc.a(eerd_byte_attiny45.o)
 .bss           0x0000000000800075        0x0 /usr/lib/gcc/avr/4.7.2/../../../avr/lib/avr25/libc.a(eewr_byte_attiny45.o)
 *(.bss*)
 *(COMMON)
 COMMON         0x0000000000800075       0x36 usbdrv/usbdrv.o
                0x0000000000800075                usbTxBuf
                0x0000000000800080                usbTxStatus1
                0x000000000080008c                usbDeviceAddr
                0x000000000080008d                usbRxToken
                0x000000000080008e                usbInputBufOffset
                0x000000000080008f                usbMsgPtr
                0x0000000000800091                usbRxLen
                0x0000000000800092                usbNewDeviceAddr
                0x0000000000800093                usbCurrentTok
                0x0000000000800094                usbConfiguration
                0x0000000000800095                usbRxBuf
                0x00000000008000ab                PROVIDE (__bss_end, .)
                0x00000000000009b4                __data_load_start = LOADADDR (.data)
                0x00000000000009b8                __data_load_end = (__data_load_start + SIZEOF (.data))

.noinit         0x00000000008000ab        0x0
                0x00000000008000ab                PROVIDE (__noinit_start, .)
 *(.noinit*)
                0x00000000008000ab                PROVIDE (__noinit_end, .)
                0x00000000008000ab                _end = .
                0x00000000008000ab                PROVIDE (__heap_start, .)

.eeprom         0x0000000000810000        0x0
 *(.eeprom*)
                0x0000000000810000                __eeprom_end = .

.fuse
 *(.fuse)
 *(.lfuse)
 *(.hfuse)
 *(.efuse)

.lock
 *(.lock*)

.signature
 *(.signature*)

.stab           0x0000000000000000     0x3228
 *(.stab)
 .stab          0x0000000000000000      0x6cc /usr/lib/gcc/avr/4.7.2/../../../avr/lib/avr25/crttn45.o
 .stab          0x00000000000006cc      0xd14 main.o
                                        0xd20 (size before relaxing)
 .stab          0x00000000000013e0      0x9e4 usbdrv/usbdrv.o
                                        0xc00 (size before relaxing)
 .stab          0x0000000000001dc4      0x168 usbdrv/oddebug.o
                                        0x360 (size before relaxing)
 .stab          0x0000000000001f2c     0x1188 usbdrv/usbdrvasm.o
                                       0x1194 (size before relaxing)
 .stab          0x00000000000030b4       0x90 /usr/lib/gcc/avr/4.7.2/../../../avr/lib/avr25/libc.a(eerd_byte_attiny45.o)
                                         0x9c (size before relaxing)
 .stab          0x0000000000003144       0xe4 /usr/lib/gcc/avr/4.7.2/../../../avr/lib/avr25/libc.a(eewr_byte_attiny45.o)
                                         0xf0 (size before relaxing)

.stabstr        0x0000000000000000     0x1178
 *(.stabstr)
 .stabstr       0x0000000000000000     0x1178 /usr/lib/gcc/avr/4.7.2/../../../avr/lib/avr25/crttn45.o

.stab.excl
 *(.stab.excl)

.stab.exclstr
 *(.stab.exclstr)

.stab.index
 *(.stab.index)

.stab.indexstr
 *(.stab.indexstr)

.comment        0x0000000000000000       0x11
 *(.comment)
 .comment       0x0000000000000000       0x11 main.o
                                         0x12 (size before relaxing)
 .comment       0x0000000000000000       0x12 usbdrv/usbdrv.o
 .comment       0x0000000000000000       0x12 usbdrv/oddebug.o

.debug
 *(.debug)

.line
 *(.line)

.debug_srcinfo
 *(.debug_srcinfo)

.debug_sfnames
 *(.debug_sfnames)

.debug_aranges
 *(.debug_aranges)

.debug_pubnames
 *(.debug_pubnames)

.debug_info
 *(.debug_info)
 *(.gnu.linkonce.wi.*)

.debug_abbrev
 *(.debug_abbrev)

.debug_line
 *(.debug_line)

.debug_frame
 *(.debug_frame)

.debug_str
 *(.debug_str)

.debug_loc
 *(.debug_loc)

.debug_macinfo
 *(.debug_macinfo)
OUTPUT(vusbtiny.out elf32-avr)
LOAD linker stubs
